// Jest Snapshot v1, https://goo.gl/fbAQLP

exports[`PathToNodeService onRenderMapChanged should update the map 1`] = `
Map {
  "/root" => Object {
    "attributes": Object {},
    "children": Array [
      Object {
        "attributes": Object {
          "functions": 10,
          "mcc": 1,
          "rloc": 100,
        },
        "link": "http://www.google.de",
        "name": "big leaf",
        "path": "/root/big leaf",
        "type": "File",
      },
      Object {
        "attributes": Object {},
        "children": Array [
          Object {
            "attributes": Object {
              "functions": 100,
              "mcc": 100,
              "rloc": 30,
            },
            "name": "small leaf",
            "path": "/root/Parent Leaf/small leaf",
            "type": "File",
          },
          Object {
            "attributes": Object {
              "functions": 1000,
              "mcc": 10,
              "rloc": 70,
            },
            "name": "other small leaf",
            "path": "/root/Parent Leaf/other small leaf",
            "type": "File",
          },
          Object {
            "attributes": Object {},
            "children": Array [],
            "name": "empty folder",
            "path": "/root/Parent Leaf/empty folder",
            "type": "Folder",
          },
        ],
        "name": "Parent Leaf",
        "path": "/root/Parent Leaf",
        "type": "Folder",
      },
    ],
    "name": "root",
    "path": "/root",
    "type": "Folder",
  },
  "/root/big leaf" => Object {
    "attributes": Object {
      "functions": 10,
      "mcc": 1,
      "rloc": 100,
    },
    "link": "http://www.google.de",
    "name": "big leaf",
    "path": "/root/big leaf",
    "type": "File",
  },
  "/root/Parent Leaf/small leaf" => Object {
    "attributes": Object {
      "functions": 100,
      "mcc": 100,
      "rloc": 30,
    },
    "name": "small leaf",
    "path": "/root/Parent Leaf/small leaf",
    "type": "File",
  },
  "/root/Parent Leaf/other small leaf" => Object {
    "attributes": Object {
      "functions": 1000,
      "mcc": 10,
      "rloc": 70,
    },
    "name": "other small leaf",
    "path": "/root/Parent Leaf/other small leaf",
    "type": "File",
  },
  "/root/Parent Leaf/empty folder" => Object {
    "attributes": Object {},
    "children": Array [],
    "name": "empty folder",
    "path": "/root/Parent Leaf/empty folder",
    "type": "Folder",
  },
}
`;
