// Jest Snapshot v1, https://goo.gl/fbAQLP

exports[`app.codeCharta.core.scenarioService scenarios should be filtered when not all metrics are set 1`] = `
Array [
  Object {
    "autoFitCamera": true,
    "name": "Average Complexity*",
    "settings": Object {
      "areaMetric": "unary",
      "colorMetric": "Average Complexity*",
      "heightMetric": "Average Complexity*",
      "neutralColorRange": Object {
        "flipped": false,
        "from": 20,
        "to": 40,
      },
    },
  },
]
`;

exports[`app.codeCharta.core.scenarioService should update only settings, which exist in given the scenario 1`] = `
Object {
  "amountOfTopLabels": 1,
  "areaMetric": "rloc",
  "blacklist": Array [],
  "camera": Object {
    "x": 0,
    "y": 300,
    "z": 1000,
  },
  "colorMetric": "myTestMetric",
  "deltaColorFlipped": false,
  "dynamicMargin": true,
  "enableEdgeArrows": true,
  "focusedNodePath": null,
  "heightMetric": "mcc",
  "hideFlatBuildings": true,
  "invertHeight": false,
  "isWhiteBackground": false,
  "map": null,
  "margin": 15,
  "maximizeDetailPanel": false,
  "mode": "Single",
  "neutralColorRange": Object {
    "flipped": false,
    "from": 123,
    "to": 456,
  },
  "scaling": Object {
    "x": 1,
    "y": 1,
    "z": 1,
  },
  "searchPattern": null,
  "searchedNodePaths": Array [],
}
`;
