// Jest Snapshot v1, https://goo.gl/fbAQLP

exports[`app.codeCharta.core.scenarioService scenarios should be filtered when not all metrics are set 1`] = `
Array [
  Object {
    "autoFitCamera": true,
    "name": "Average Complexity*",
    "settings": Object {
      "amountOfTopLabels": 1,
      "areaMetric": "unary",
      "blacklist": Array [],
      "camera": Object {
        "x": 0,
        "y": 300,
        "z": 1000,
      },
      "colorMetric": "Average Complexity*",
      "deltaColorFlipped": false,
      "dynamicMargin": true,
      "enableEdgeArrows": true,
      "heightMetric": "Average Complexity*",
      "hideFlatBuildings": true,
      "invertHeight": false,
      "isWhiteBackground": false,
      "margin": 1,
      "maximizeDetailPanel": false,
      "mode": "KindOfMap.Single",
      "neutralColorRange": Object {
        "flipped": false,
        "from": 20,
        "to": 40,
      },
      "scaling": Object {
        "x": 1,
        "y": 1,
        "z": 1,
      },
    },
  },
]
`;
