// Jest Snapshot v1, https://goo.gl/fbAQLP

exports[`app.codeCharta.core.scenarioService scenarios should be filtered when not all metrics are set 1`] = `
Array [
  Object {
    "autoFitCamera": true,
    "name": "Average Complexity*",
    "settings": Object {
      "areaMetric": "unary",
      "colorMetric": "Average Complexity*",
      "heightMetric": "Average Complexity*",
      "neutralColorRange": Object {
        "flipped": false,
      },
    },
  },
]
`;
