// Jest Snapshot v1, https://goo.gl/fbAQLP

exports[`codeMapRenderService getNodes should get Nodes as array 1`] = `
Array [
  Object {
    "attributes": Object {
      "mcc": 111,
      "rloc": 200,
      "unary": 4,
    },
    "color": "#820E0E",
    "deltas": undefined,
    "depth": 0,
    "edgeAttributes": Object {},
    "fitForFolderLabel": false,
    "flat": false,
    "height": 2,
    "heightDelta": 0,
    "id": 0,
    "incomingEdgePoint": Vector3 {
      "x": 222,
      "y": 2,
      "z": -14,
    },
    "isLeaf": false,
    "length": 944,
    "link": undefined,
    "mapNodeDepth": 0,
    "markingColor": undefined,
    "name": "root",
    "outgoingEdgePoint": Vector3 {
      "x": 222,
      "y": 2,
      "z": 458,
    },
    "path": "/root",
    "visible": true,
    "width": 944,
    "x0": 0,
    "y0": 0,
    "z0": 0,
  },
  Object {
    "attributes": Object {
      "functions": 10,
      "mcc": 1,
      "rloc": 100,
      "unary": 1,
    },
    "color": "#69AE40",
    "deltas": undefined,
    "depth": 1,
    "edgeAttributes": Object {},
    "fitForFolderLabel": false,
    "flat": false,
    "height": 2,
    "heightDelta": 0,
    "id": 1,
    "incomingEdgePoint": Vector3 {
      "x": -70.37014134275617,
      "y": 4,
      "z": -6.000000000000028,
    },
    "isLeaf": true,
    "length": 911.9999999999999,
    "link": "https://www.google.de",
    "mapNodeDepth": 1,
    "markingColor": undefined,
    "name": "big leaf",
    "outgoingEdgePoint": Vector3 {
      "x": -70.37014134275617,
      "y": 4,
      "z": 449.9999999999999,
    },
    "path": "/root/big leaf",
    "visible": true,
    "width": 327.25971731448766,
    "x0": 16,
    "y0": 16,
    "z0": 2,
  },
  Object {
    "attributes": Object {
      "mcc": 110,
      "rloc": 100,
      "unary": 3,
    },
    "color": "#820E0E",
    "deltas": undefined,
    "depth": 1,
    "edgeAttributes": Object {},
    "fitForFolderLabel": true,
    "flat": false,
    "height": 2,
    "heightDelta": 0,
    "id": 2,
    "incomingEdgePoint": Vector3 {
      "x": 356.62985865724386,
      "y": 4,
      "z": -6.000000000000028,
    },
    "isLeaf": false,
    "length": 911.9999999999999,
    "link": undefined,
    "mapNodeDepth": 1,
    "markingColor": undefined,
    "name": "Parent Leaf",
    "outgoingEdgePoint": Vector3 {
      "x": 356.62985865724386,
      "y": 4,
      "z": 449.9999999999999,
    },
    "path": "/root/Parent Leaf",
    "visible": true,
    "width": 494.74028268551234,
    "x0": 359.25971731448766,
    "y0": 16,
    "z0": 2,
  },
  Object {
    "attributes": Object {
      "functions": 100,
      "mcc": 100,
      "rloc": 30,
      "unary": 1,
    },
    "color": "#820E0E",
    "deltas": undefined,
    "depth": 2,
    "edgeAttributes": Object {},
    "fitForFolderLabel": false,
    "flat": false,
    "height": 2,
    "heightDelta": 0,
    "id": 3,
    "incomingEdgePoint": Vector3 {
      "x": 228.69478798586573,
      "y": 6,
      "z": -91.66617429837521,
    },
    "isLeaf": true,
    "length": 252.66765140324958,
    "link": undefined,
    "mapNodeDepth": 2,
    "markingColor": undefined,
    "name": "small leaf",
    "outgoingEdgePoint": Vector3 {
      "x": 435.56492932862193,
      "y": 6,
      "z": -91.66617429837521,
    },
    "path": "/root/Parent Leaf/small leaf",
    "visible": true,
    "width": 413.74028268551234,
    "x0": 375.25971731448766,
    "y0": 32,
    "z0": 4,
  },
  Object {
    "attributes": Object {
      "functions": 1000,
      "mcc": 10,
      "rloc": 70,
      "unary": 1,
    },
    "color": "#6caf3e",
    "deltas": undefined,
    "depth": 2,
    "edgeAttributes": Object {},
    "fitForFolderLabel": false,
    "flat": false,
    "height": 2,
    "heightDelta": 0,
    "id": 4,
    "incomingEdgePoint": Vector3 {
      "x": 332.12985865724386,
      "y": 6,
      "z": 203.50073855243716,
    },
    "isLeaf": true,
    "length": 611.3323485967503,
    "link": undefined,
    "mapNodeDepth": 2,
    "markingColor": undefined,
    "name": "other small leaf",
    "outgoingEdgePoint": Vector3 {
      "x": 332.12985865724386,
      "y": 6,
      "z": 509.1669128508123,
    },
    "path": "/root/Parent Leaf/other small leaf",
    "visible": true,
    "width": 413.74028268551234,
    "x0": 375.25971731448766,
    "y0": 300.6676514032496,
    "z0": 4,
  },
  Object {
    "attributes": Object {
      "mcc": 0,
      "rloc": 0,
      "unary": 1,
    },
    "color": "#69AE40",
    "deltas": undefined,
    "depth": 2,
    "edgeAttributes": Object {},
    "fitForFolderLabel": false,
    "flat": false,
    "height": 500,
    "heightDelta": 0,
    "id": 5,
    "incomingEdgePoint": Vector3 {
      "x": 228.69478798586573,
      "y": 504,
      "z": 669.9999999999999,
    },
    "isLeaf": true,
    "length": 0,
    "link": undefined,
    "mapNodeDepth": 2,
    "markingColor": undefined,
    "name": "empty folder",
    "outgoingEdgePoint": Vector3 {
      "x": 435.56492932862193,
      "y": 504,
      "z": 669.9999999999999,
    },
    "path": "/root/Parent Leaf/empty folder",
    "visible": true,
    "width": 413.74028268551234,
    "x0": 375.25971731448766,
    "y0": 919.9999999999999,
    "z0": 4,
  },
]
`;
