// Jest Snapshot v1, https://goo.gl/fbAQLP

exports[`codeMapRenderService getSortedNodes should get sorted Nodes as array 1`] = `
Array [
  Object {
    "attributes": Object {
      "mcc": 111,
      "rloc": 200,
      "unary": 4,
    },
    "color": "#820E0E",
    "deltas": undefined,
    "depth": 0,
    "edgeAttributes": Object {},
    "flat": false,
    "height": 2,
    "heightDelta": 0,
    "id": 0,
    "incomingEdgePoint": Vector3 {
      "x": 293.9387691339814,
      "y": 2,
      "z": 21.969384566990698,
    },
    "isLeaf": false,
    "length": 1087.8775382679628,
    "link": undefined,
    "markingColor": undefined,
    "name": "root",
    "outgoingEdgePoint": Vector3 {
      "x": 293.9387691339814,
      "y": 2,
      "z": 565.9081537009721,
    },
    "path": "/root",
    "visible": true,
    "width": 1087.8775382679628,
    "x0": 0,
    "y0": 0,
    "z0": 0,
  },
  Object {
    "attributes": Object {
      "functions": 10,
      "mcc": 1,
      "rloc": 100,
      "unary": 1,
    },
    "color": "#DDDDDD",
    "deltas": undefined,
    "depth": 1,
    "edgeAttributes": Object {},
    "flat": false,
    "height": 2,
    "heightDelta": 0,
    "id": 1,
    "incomingEdgePoint": Vector3 {
      "x": 45.9693845669907,
      "y": 4,
      "z": 33.9693845669907,
    },
    "isLeaf": true,
    "length": 471.9387691339814,
    "link": "http://www.google.de",
    "markingColor": undefined,
    "name": "big leaf",
    "outgoingEdgePoint": Vector3 {
      "x": 541.9081537009721,
      "y": 4,
      "z": 33.9693845669907,
    },
    "path": "/root/big leaf",
    "visible": true,
    "width": 991.8775382679628,
    "x0": 48,
    "y0": 48,
    "z0": 2,
  },
  Object {
    "attributes": Object {
      "mcc": 110,
      "rloc": 100,
      "unary": 3,
    },
    "color": "#820E0E",
    "deltas": undefined,
    "depth": 1,
    "edgeAttributes": Object {},
    "flat": false,
    "height": 2,
    "heightDelta": 0,
    "id": 2,
    "incomingEdgePoint": Vector3 {
      "x": 45.9693845669907,
      "y": 4,
      "z": 553.9081537009721,
    },
    "isLeaf": false,
    "length": 471.9387691339814,
    "link": undefined,
    "markingColor": undefined,
    "name": "Parent Leaf",
    "outgoingEdgePoint": Vector3 {
      "x": 541.9081537009721,
      "y": 4,
      "z": 553.9081537009721,
    },
    "path": "/root/Parent Leaf",
    "visible": true,
    "width": 991.8775382679628,
    "x0": 48,
    "y0": 567.9387691339814,
    "z0": 2,
  },
  Object {
    "attributes": Object {
      "functions": 100,
      "mcc": 100,
      "rloc": 30,
      "unary": 1,
    },
    "color": "#820E0E",
    "deltas": undefined,
    "depth": 2,
    "edgeAttributes": Object {},
    "flat": false,
    "height": 2,
    "heightDelta": 0,
    "id": 3,
    "incomingEdgePoint": Vector3 {
      "x": -36.41836925980559,
      "y": 6,
      "z": 459.92346141747674,
    },
    "isLeaf": true,
    "length": 375.9387691339814,
    "link": undefined,
    "markingColor": undefined,
    "name": "small leaf",
    "outgoingEdgePoint": Vector3 {
      "x": -36.41836925980559,
      "y": 6,
      "z": 647.8928459844674,
    },
    "path": "/root/Parent Leaf/small leaf",
    "visible": true,
    "width": 235.16326148038883,
    "x0": 96,
    "y0": 615.9387691339814,
    "z0": 4,
  },
  Object {
    "attributes": Object {
      "functions": 1000,
      "mcc": 10,
      "rloc": 70,
      "unary": 1,
    },
    "color": "#DDDDDD",
    "deltas": undefined,
    "depth": 2,
    "edgeAttributes": Object {},
    "flat": false,
    "height": 2,
    "heightDelta": 0,
    "id": 4,
    "incomingEdgePoint": Vector3 {
      "x": 282.3418306772823,
      "y": 6,
      "z": 553.9081537009721,
    },
    "isLeaf": true,
    "length": 375.9387691339814,
    "link": undefined,
    "markingColor": undefined,
    "name": "other small leaf",
    "outgoingEdgePoint": Vector3 {
      "x": 588.6989690710693,
      "y": 6,
      "z": 553.9081537009721,
    },
    "path": "/root/Parent Leaf/other small leaf",
    "visible": true,
    "width": 612.7142767875739,
    "x0": 379.1632614803888,
    "y0": 615.9387691339814,
    "z0": 4,
  },
]
`;
