// Jest Snapshot v1, https://goo.gl/fbAQLP

exports[`codeMapRenderService getNodes should get Nodes as array 1`] = `
Array [
  Object {
    "attributes": Object {
      "mcc": 111,
      "rloc": 200,
      "unary": 4,
    },
    "color": "#820E0E",
    "deltas": undefined,
    "depth": 0,
    "edgeAttributes": Object {},
    "flat": false,
    "height": 2,
    "heightDelta": 0,
    "id": 0,
    "incomingEdgePoint": Vector3 {
      "x": 210.5,
      "y": 2,
      "z": -19.75,
    },
    "isLeaf": false,
    "length": 921,
    "link": undefined,
    "mapNodeDepth": 0,
    "markingColor": undefined,
    "name": "root",
    "outgoingEdgePoint": Vector3 {
      "x": 210.5,
      "y": 2,
      "z": 440.75,
    },
    "path": "/root",
    "visible": true,
    "width": 921,
    "x0": 0,
    "y0": 0,
    "z0": 0,
  },
  Object {
    "attributes": Object {
      "functions": 10,
      "mcc": 1,
      "rloc": 100,
      "unary": 1,
    },
    "color": "#69AE40",
    "deltas": undefined,
    "depth": 1,
    "edgeAttributes": Object {},
    "flat": false,
    "height": 2,
    "heightDelta": 0,
    "id": 1,
    "incomingEdgePoint": Vector3 {
      "x": -90.85908697265867,
      "y": 4,
      "z": -4.25,
    },
    "isLeaf": true,
    "length": 859,
    "link": "https://www.google.de",
    "mapNodeDepth": 1,
    "markingColor": undefined,
    "name": "big leaf",
    "outgoingEdgePoint": Vector3 {
      "x": -90.85908697265867,
      "y": 4,
      "z": 425.25,
    },
    "path": "/root/big leaf",
    "visible": true,
    "width": 256.28182605468265,
    "x0": 31,
    "y0": 31,
    "z0": 2,
  },
  Object {
    "attributes": Object {
      "mcc": 110,
      "rloc": 100,
      "unary": 3,
    },
    "color": "#820E0E",
    "deltas": undefined,
    "depth": 1,
    "edgeAttributes": Object {},
    "flat": false,
    "height": 2,
    "heightDelta": 0,
    "id": 2,
    "incomingEdgePoint": Vector3 {
      "x": 309.6409130273413,
      "y": 4,
      "z": -4.25,
    },
    "isLeaf": false,
    "length": 859,
    "link": undefined,
    "mapNodeDepth": 1,
    "markingColor": undefined,
    "name": "Parent Leaf",
    "outgoingEdgePoint": Vector3 {
      "x": 309.6409130273413,
      "y": 4,
      "z": 425.25,
    },
    "path": "/root/Parent Leaf",
    "visible": true,
    "width": 482.71817394531735,
    "x0": 318.28182605468265,
    "y0": 31,
    "z0": 2,
  },
  Object {
    "attributes": Object {
      "functions": 100,
      "mcc": 100,
      "rloc": 30,
      "unary": 1,
    },
    "color": "#820E0E",
    "deltas": undefined,
    "depth": 2,
    "edgeAttributes": Object {},
    "flat": false,
    "height": 2,
    "heightDelta": 0,
    "id": 3,
    "incomingEdgePoint": Vector3 {
      "x": 188.461369541012,
      "y": 6,
      "z": -79.31597222222223,
    },
    "isLeaf": true,
    "length": 217.36805555555554,
    "link": undefined,
    "mapNodeDepth": 2,
    "markingColor": undefined,
    "name": "small leaf",
    "outgoingEdgePoint": Vector3 {
      "x": 366.82045651367065,
      "y": 6,
      "z": -79.31597222222223,
    },
    "path": "/root/Parent Leaf/small leaf",
    "visible": true,
    "width": 356.71817394531735,
    "x0": 349.28182605468265,
    "y0": 62,
    "z0": 4,
  },
  Object {
    "attributes": Object {
      "functions": 1000,
      "mcc": 10,
      "rloc": 70,
      "unary": 1,
    },
    "color": "#6caf3e",
    "deltas": undefined,
    "depth": 2,
    "edgeAttributes": Object {},
    "flat": false,
    "height": 2,
    "heightDelta": 0,
    "id": 4,
    "incomingEdgePoint": Vector3 {
      "x": 277.6409130273413,
      "y": 6,
      "z": 197.52604166666666,
    },
    "isLeaf": true,
    "length": 548.6319444444445,
    "link": undefined,
    "mapNodeDepth": 2,
    "markingColor": undefined,
    "name": "other small leaf",
    "outgoingEdgePoint": Vector3 {
      "x": 277.6409130273413,
      "y": 6,
      "z": 471.8420138888889,
    },
    "path": "/root/Parent Leaf/other small leaf",
    "visible": true,
    "width": 356.71817394531735,
    "x0": 349.28182605468265,
    "y0": 310.36805555555554,
    "z0": 4,
  },
  Object {
    "attributes": Object {
      "mcc": 0,
      "rloc": 0,
      "unary": 1,
    },
    "color": "#69AE40",
    "deltas": undefined,
    "depth": 2,
    "edgeAttributes": Object {},
    "flat": false,
    "height": 500,
    "heightDelta": 0,
    "id": 5,
    "incomingEdgePoint": Vector3 {
      "x": 188.461369541012,
      "y": 504,
      "z": 624.5,
    },
    "isLeaf": true,
    "length": 0,
    "link": undefined,
    "mapNodeDepth": 2,
    "markingColor": undefined,
    "name": "empty folder",
    "outgoingEdgePoint": Vector3 {
      "x": 366.82045651367065,
      "y": 504,
      "z": 624.5,
    },
    "path": "/root/Parent Leaf/empty folder",
    "visible": true,
    "width": 356.71817394531735,
    "x0": 349.28182605468265,
    "y0": 874.5,
    "z0": 4,
  },
]
`;
