# File Metrics
comment_lines=12.0
comment_ratio=0.15
complexity=19.0
excessive_comments=1.0
loc=110.0
logic_complexity=13.0
long_method=3.0
long_parameter_list=0.0
message_chains=0.0
number_of_functions=6.0
rloc=80.0

# Per-Function Metrics
max_complexity_per_function=4.0
max_parameters_per_function=0.0
max_rloc_per_function=18.0
mean_complexity_per_function=2.17
mean_parameters_per_function=0.0
mean_rloc_per_function=10.5
median_complexity_per_function=2.5
median_parameters_per_function=0.0
median_rloc_per_function=11.5
min_complexity_per_function=0.0
min_parameters_per_function=0.0
min_rloc_per_function=1.0