# File Metrics
comment_lines=20.0
comment_ratio=0.29
complexity=20.0
excessive_comments=1.0
loc=99.0
logic_complexity=13.0
long_method=2.0
long_parameter_list=1.0
message_chains=1.0
number_of_functions=5.0
rloc=69.0

# Per-Function Metrics
max_complexity_per_function=5.0
max_parameters_per_function=5.0
max_rloc_per_function=20.0
mean_complexity_per_function=2.8
mean_parameters_per_function=1.6
mean_rloc_per_function=9.0
median_complexity_per_function=4.0
median_parameters_per_function=1.0
median_rloc_per_function=7.0
min_complexity_per_function=0.0
min_parameters_per_function=0.0
min_rloc_per_function=1.0