# File Metrics
comment_lines=20.0
comment_ratio=0.26
complexity=23.0
excessive_comments=1.0
loc=110.0
logic_complexity=15.0
long_method=2.0
long_parameter_list=1.0
message_chains=0.0
number_of_functions=8.0
rloc=78.0

# Per-Function Metrics
max_complexity_per_function=6.0
max_parameters_per_function=5.0
max_rloc_per_function=23.0
mean_complexity_per_function=1.88
mean_parameters_per_function=1.12
mean_rloc_per_function=6.0
median_complexity_per_function=0.5
median_parameters_per_function=1.0
median_rloc_per_function=2.0
min_complexity_per_function=0.0
min_parameters_per_function=0.0
min_rloc_per_function=0.0