# File Metrics
comment_lines=11.0
comment_ratio=0.22
complexity=6.0
excessive_comments=1.0
loc=76.0
logic_complexity=0.0
long_method=0.0
long_parameter_list=0.0
message_chains=0.0
number_of_functions=6.0
rloc=50.0

# Per-Function Metrics
max_complexity_per_function=0.0
max_parameters_per_function=2.0
max_rloc_per_function=4.0
mean_complexity_per_function=0.0
mean_parameters_per_function=0.67
mean_rloc_per_function=1.33
median_complexity_per_function=0.0
median_parameters_per_function=0.0
median_rloc_per_function=1.0
min_complexity_per_function=0.0
min_parameters_per_function=0.0
min_rloc_per_function=0.0