# File Metrics
comment_lines=21.0
comment_ratio=0.25
complexity=20.0
excessive_comments=1.0
loc=117.0
logic_complexity=12.0
long_method=3.0
long_parameter_list=1.0
message_chains=1.0
number_of_functions=8.0
rloc=84.0

# Per-Function Metrics
max_complexity_per_function=5.0
max_parameters_per_function=5.0
max_rloc_per_function=20.0
mean_complexity_per_function=1.5
mean_parameters_per_function=1.38
mean_rloc_per_function=6.75
median_complexity_per_function=0.0
median_parameters_per_function=1.0
median_rloc_per_function=3.0
min_complexity_per_function=0.0
min_parameters_per_function=0.0
min_rloc_per_function=1.0