// Jest Snapshot v1, https://goo.gl/fbAQLP

exports[`GameObjectsImporter should parse gameObjects json to cc.json 1`] = `
{
  "checksum": "64ba632559688f092d2adf0dee446d7e",
  "data": {
    "apiVersion": "1.3",
    "attributeTypes": {
      "edges": {
        "coupling": "relative",
      },
    },
    "edges": [
      {
        "attributes": {
          "coupling": 100,
        },
        "fromNodeName": "/base/root/CHANGELOG/CHANGELOG",
        "toNodeName": "/base/root/visualization/packageLock/packageLock",
      },
    ],
    "fileChecksum": "",
    "nodes": [
      {
        "attributes": {},
        "children": [
          {
            "attributes": {},
            "children": [
              {
                "attributes": {},
                "children": [
                  {
                    "attributes": {},
                    "children": [
                      {
                        "attributes": {
                          "height": 1,
                        },
                        "name": "ui",
                        "type": "File",
                      },
                    ],
                    "fixedPosition": {
                      "height": 3.13,
                      "left": 2.27,
                      "top": 95.63,
                      "width": 5.68,
                    },
                    "name": "ui",
                    "type": "Folder",
                  },
                  {
                    "attributes": {},
                    "children": [
                      {
                        "attributes": {
                          "height": 4,
                        },
                        "name": "packageLock",
                        "type": "File",
                      },
                    ],
                    "fixedPosition": {
                      "height": 1.25,
                      "left": 95.45,
                      "top": 48.13,
                      "width": 2.27,
                    },
                    "name": "packageLock",
                    "type": "Folder",
                  },
                ],
                "fixedPosition": {
                  "height": 95.24,
                  "left": 0.72,
                  "top": 2.38,
                  "width": 15.74,
                },
                "name": "visualization",
                "type": "Folder",
              },
              {
                "attributes": {},
                "children": [
                  {
                    "attributes": {
                      "height": 1,
                    },
                    "name": "CHANGELOG",
                    "type": "File",
                  },
                ],
                "fixedPosition": {
                  "height": 2.98,
                  "left": 98.39,
                  "top": 48.51,
                  "width": 0.89,
                },
                "name": "CHANGELOG",
                "type": "Folder",
              },
            ],
            "fixedPosition": {
              "height": 30.05,
              "left": 0,
              "top": 34,
              "width": 100,
            },
            "name": "root",
            "type": "Folder",
          },
        ],
        "name": "base",
        "type": "Folder",
      },
    ],
    "projectName": "GameObjects",
  },
}
`;
