// Jest Snapshot v1, https://goo.gl/fbAQLP

exports[`GameObjectsImporter should parse gameObjects json to cc.json 1`] = `
Object {
  "checksum": "fb551292876be7649a32a0a3da41fb9a",
  "data": Object {
    "apiVersion": "1.3",
    "attributeTypes": Object {
      "edges": Object {
        "coupling": "relative",
      },
    },
    "edges": Array [
      Object {
        "attributes": Object {
          "coupling": 100,
        },
        "fromNodeName": "/base/root/CHANGELOG/CHANGELOG",
        "toNodeName": "/base/root/visualization/packageLock/packageLock",
      },
    ],
    "fileChecksum": "",
    "nodes": Array [
      Object {
        "attributes": Object {},
        "children": Array [
          Object {
            "attributes": Object {},
            "children": Array [
              Object {
                "attributes": Object {},
                "children": Array [
                  Object {
                    "attributes": Object {},
                    "children": Array [
                      Object {
                        "attributes": Object {
                          "height": 1,
                        },
                        "name": "ui",
                        "type": "File",
                      },
                    ],
                    "fixedPosition": Object {
                      "height": 3.13,
                      "left": 2.27,
                      "top": 95.63,
                      "width": 5.68,
                    },
                    "name": "ui",
                    "type": "Folder",
                  },
                  Object {
                    "attributes": Object {},
                    "children": Array [
                      Object {
                        "attributes": Object {
                          "height": 4,
                        },
                        "name": "packageLock",
                        "type": "File",
                      },
                    ],
                    "fixedPosition": Object {
                      "height": 1.25,
                      "left": 95.45,
                      "top": 48.13,
                      "width": 2.27,
                    },
                    "name": "packageLock",
                    "type": "Folder",
                  },
                ],
                "fixedPosition": Object {
                  "height": 95.24,
                  "left": 0.72,
                  "top": 2.38,
                  "width": 15.74,
                },
                "name": "visualization",
                "type": "Folder",
              },
              Object {
                "attributes": Object {},
                "children": Array [
                  Object {
                    "attributes": Object {
                      "height": 1,
                    },
                    "name": "CHANGELOG",
                    "type": "File",
                  },
                ],
                "fixedPosition": Object {
                  "height": 2.98,
                  "left": 98.39,
                  "top": 48.51,
                  "width": 0.89,
                },
                "name": "CHANGELOG",
                "type": "Folder",
              },
            ],
            "fixedPosition": Object {
              "height": 30.05,
              "left": 0,
              "top": 34,
              "width": 100,
            },
            "name": "root",
            "type": "Folder",
          },
        ],
        "name": "base",
        "type": "Folder",
      },
    ],
    "projectName": "ScriptProjectName",
  },
}
`;
