// Jest Snapshot v1, https://goo.gl/fbAQLP

exports[`checkbox snapshot test 1`] = `
Object {
  "0": <checkbox-directive
    change="change()"
    class="ng-scope ng-isolate-scope"
    label="some label"
    model="model"
  >
    <div
      class="input-field col s12"
    >
      <input
        class="ng-pristine ng-untouched ng-valid ng-empty"
        id="checkbox-directive-3"
        ng-model="model"
        type="checkbox"
      />
      <label
        class="ng-binding"
        for="checkbox-directive-3"
      >
        some label
      </label>
    </div>
  </checkbox-directive>,
  "length": 1,
}
`;
