// Jest Snapshot v1, https://jestjs.io/docs/snapshot-testing

exports[`codeMapRenderService getNodes should get Nodes as array 1`] = `
[
  {
    "attributes": {
      "functions": 1110,
      "mcc": 111,
      "rloc": 200,
      "unary": 4,
    },
    "color": "#820E0E",
    "deltas": undefined,
    "depth": 0,
    "edgeAttributes": {},
    "flat": false,
    "height": 2,
    "heightDelta": 0,
    "id": 0,
    "incomingEdgePoint": Vector3 {
      "x": 225.07550765359252,
      "y": 2,
      "z": -12.462246173203738,
    },
    "isLeaf": false,
    "length": 950.151015307185,
    "link": undefined,
    "mapNodeDepth": 0,
    "markingColor": undefined,
    "name": "root",
    "outgoingEdgePoint": Vector3 {
      "x": 225.07550765359252,
      "y": 2,
      "z": 462.6132614803888,
    },
    "path": "/root",
    "visible": false,
    "width": 950.151015307185,
    "x0": 0,
    "y0": 0,
    "z0": 0,
  },
  {
    "attributes": {
      "functions": 10,
      "mcc": 1,
      "rloc": 100,
      "unary": 1,
    },
    "color": "#69AE40",
    "deltas": undefined,
    "depth": 1,
    "edgeAttributes": {},
    "flat": false,
    "height": 495,
    "heightDelta": 0,
    "id": 1,
    "incomingEdgePoint": Vector3 {
      "x": -40.44667149497877,
      "y": 497,
      "z": -8.431096816753808,
    },
    "isLeaf": true,
    "length": 934.0264178813851,
    "link": "https://www.google.de",
    "mapNodeDepth": 1,
    "markingColor": undefined,
    "name": "big leaf",
    "outgoingEdgePoint": Vector3 {
      "x": -40.44667149497877,
      "y": 497,
      "z": 458.58211212393877,
    },
    "path": "/root/big leaf",
    "visible": false,
    "width": 402.9820595842426,
    "x0": 8.062298712899924,
    "y0": 8.062298712899924,
    "z0": 2,
  },
  {
    "attributes": {
      "functions": 1100,
      "mcc": 110,
      "rloc": 100,
      "unary": 3,
    },
    "color": "#820E0E",
    "deltas": undefined,
    "depth": 1,
    "edgeAttributes": {},
    "flat": false,
    "height": 2,
    "heightDelta": 0,
    "id": 2,
    "incomingEdgePoint": Vector3 {
      "x": 378.6599855150637,
      "y": 4,
      "z": -8.431096816753808,
    },
    "isLeaf": false,
    "length": 934.0264178813851,
    "link": undefined,
    "mapNodeDepth": 1,
    "markingColor": undefined,
    "name": "Parent Leaf",
    "outgoingEdgePoint": Vector3 {
      "x": 378.6599855150637,
      "y": 4,
      "z": 458.58211212393877,
    },
    "path": "/root/Parent Leaf",
    "visible": false,
    "width": 402.98205958424256,
    "x0": 427.16895572294237,
    "y0": 8.062298712899924,
    "z0": 2,
  },
  {
    "attributes": {
      "functions": 100,
      "mcc": 100,
      "rloc": 30,
      "unary": 1,
    },
    "color": "#820E0E",
    "deltas": undefined,
    "depth": 2,
    "edgeAttributes": {},
    "flat": false,
    "height": 2,
    "heightDelta": 0,
    "id": 3,
    "incomingEdgePoint": Vector3 {
      "x": 265.99054065689836,
      "y": 6,
      "z": -101.83373860489232,
    },
    "isLeaf": true,
    "length": 271.70686597160363,
    "link": undefined,
    "mapNodeDepth": 2,
    "markingColor": undefined,
    "name": "small leaf",
    "outgoingEdgePoint": Vector3 {
      "x": 435.13265113199856,
      "y": 6,
      "z": -101.83373860489232,
    },
    "path": "/root/Parent Leaf/small leaf",
    "visible": false,
    "width": 338.28422095020034,
    "x0": 431.4194854193483,
    "y0": 12.312828409305865,
    "z0": 4,
  },
  {
    "attributes": {
      "functions": 1000,
      "mcc": 10,
      "rloc": 70,
      "unary": 1,
    },
    "color": "#6caf3e",
    "deltas": undefined,
    "depth": 2,
    "edgeAttributes": {},
    "flat": false,
    "height": 450,
    "heightDelta": 0,
    "id": 4,
    "incomingEdgePoint": Vector3 {
      "x": 350.5615958944485,
      "y": 454,
      "z": 203.8501120547608,
    },
    "isLeaf": true,
    "length": 645.3174331241578,
    "link": undefined,
    "mapNodeDepth": 2,
    "markingColor": undefined,
    "name": "other small leaf",
    "outgoingEdgePoint": Vector3 {
      "x": 350.5615958944485,
      "y": 454,
      "z": 526.5088286168398,
    },
    "path": "/root/Parent Leaf/other small leaf",
    "visible": false,
    "width": 338.28422095020034,
    "x0": 431.4194854193483,
    "y0": 292.52075377372137,
    "z0": 4,
  },
  {
    "attributes": {
      "functions": 0,
      "mcc": 0,
      "rloc": 0,
      "unary": 1,
    },
    "color": "#69AE40",
    "deltas": undefined,
    "depth": 2,
    "edgeAttributes": {},
    "flat": false,
    "height": 500,
    "heightDelta": 0,
    "id": 5,
    "incomingEdgePoint": Vector3 {
      "x": 265.99054065689836,
      "y": 504,
      "z": 692.0887165942851,
    },
    "isLeaf": true,
    "length": 0,
    "link": undefined,
    "mapNodeDepth": 2,
    "markingColor": undefined,
    "name": "empty folder",
    "outgoingEdgePoint": Vector3 {
      "x": 435.13265113199856,
      "y": 504,
      "z": 692.0887165942851,
    },
    "path": "/root/Parent Leaf/empty folder",
    "visible": false,
    "width": 338.28422095020034,
    "x0": 431.4194854193483,
    "y0": 942.0887165942851,
    "z0": 4,
  },
]
`;
